1 UNCONNECTED2246
2 UNCONNECTED2247
3 UNCONNECTED2248
4 UNCONNECTED2249
5 UNCONNECTED2250
6 UNCONNECTED2251
7 UNCONNECTED2252
8 UNCONNECTED2253
9 UNCONNECTED2254
10 UNCONNECTED2255
11 UNCONNECTED2256
12 EEG_ACC_U/EEG_PEAY_U/n_364
13 EEG_ACC_U/EEG_PEAY_U/n_366
14 EEG_ACC_U/EEG_PEAY_U/n_368
15 EEG_ACC_U/EEG_PEAY_U/n_370
16 EEG_ACC_U/EEG_PEAY_U/n_372
17 EEG_ACC_U/EEG_PEAY_U/n_374
18 EEG_ACC_U/EEG_PEAY_U/n_376
19 EEG_ACC_U/EEG_PEAY_U/n_378
20 EEG_ACC_U/EEG_PEAY_U/n_380
21 EEG_ACC_U/EEG_PEAY_U/n_382
22 EEG_ACC_U/EEG_PEAY_U/n_384
23 EEG_ACC_U/EEG_PEAY_U/n_386
24 EEG_ACC_U/EEG_PEAY_U/n_388
25 EEG_ACC_U/EEG_PEAY_U/n_390
26 EEG_ACC_U/EEG_PEAY_U/n_392
27 EEG_ACC_U/EEG_PEAY_U/n_394
28 EEG_ACC_U/EEG_PEAY_U/\EEG_PEA_DAT_GEN_U[1] /UNCONNECTED40
29 EEG_ACC_U/EEG_PEAY_U/\EEG_PEA_DAT_GEN_U[1] /UNCONNECTED41
30 EEG_ACC_U/EEG_PEAY_U/\EEG_PEA_DAT_GEN_U[1] /UNCONNECTED42
31 EEG_ACC_U/EEG_PEAY_U/\EEG_PEA_DAT_GEN_U[1] /UNCONNECTED43
32 EEG_ACC_U/EEG_PEAY_U/\EEG_PEA_DAT_GEN_U[1] /UNCONNECTED44
33 EEG_ACC_U/EEG_PEAY_U/\EEG_PEA_DAT_GEN_U[1] /UNCONNECTED45
34 EEG_ACC_U/EEG_PEAY_U/\EEG_PEA_DAT_GEN_U[1] /UNCONNECTED46
35 EEG_ACC_U/EEG_PEAY_U/\EEG_PEA_DAT_GEN_U[1] /FNZF_FIFO_U/UNCONNECTED
36 EEG_ACC_U/EEG_PEAY_U/\EEG_PEA_DAT_GEN_U[1] /FNZF_FIFO_U/UNCONNECTED0
37 EEG_ACC_U/EEG_PEAY_U/\EEG_PEA_DAT_GEN_U[1] /FNZF_FIFO_U/UNCONNECTED1
38 EEG_ACC_U/EEG_PEAY_U/\EEG_PEA_DAT_GEN_U[1] /FNZF_FIFO_U/UNCONNECTED2
39 EEG_ACC_U/EEG_PEAY_U/\EEG_PEA_DAT_GEN_U[1] /FNZF_FIFO_U/UNCONNECTED3
40 EEG_ACC_U/EEG_PEAY_U/\EEG_PEA_DAT_GEN_U[1] /FNZF_FIFO_U/UNCONNECTED4
41 EEG_ACC_U/EEG_PEAY_U/\EEG_PEA_DAT_GEN_U[1] /FNZF_FIFO_U/UNCONNECTED5
42 EEG_ACC_U/EEG_PEAY_U/\EEG_PEA_DAT_GEN_U[1] /FNZF_FIFO_U/UNCONNECTED6
43 EEG_ACC_U/EEG_PEAY_U/\EEG_PEA_DAT_GEN_U[1] /FNZF_FIFO_U/UNCONNECTED7
44 EEG_ACC_U/EEG_PEAY_U/\EEG_PEA_DAT_GEN_U[1] /FNZF_FIFO_U/UNCONNECTED8
45 EEG_ACC_U/EEG_PEAY_U/\EEG_PEA_DAT_GEN_U[1] /FNZF_FIFO_U/UNCONNECTED9
46 EEG_ACC_U/EEG_PEAY_U/\EEG_PEA_DAT_GEN_U[1] /FNZF_FIFO_U/UNCONNECTED10
47 EEG_ACC_U/EEG_PEAY_U/\EEG_PEA_DAT_GEN_U[1] /FNZF_FIFO_U/UNCONNECTED11
48 EEG_ACC_U/EEG_PEAY_U/\EEG_PEA_DAT_GEN_U[1] /FNZF_FIFO_U/UNCONNECTED12
49 EEG_ACC_U/EEG_PEAY_U/\EEG_PEA_DAT_GEN_U[1] /FNZF_FIFO_U/UNCONNECTED13
50 EEG_ACC_U/EEG_PEAY_U/\EEG_PEA_DAT_GEN_U[1] /\WADD_FIFO_U[0] /UNCONNECTED14
51 EEG_ACC_U/EEG_PEAY_U/\EEG_PEA_DAT_GEN_U[1] /\WADD_FIFO_U[1] /UNCONNECTED15
52 EEG_ACC_U/EEG_PEAY_U/\EEG_PEA_DAT_GEN_U[1] /\WADD_FIFO_U[2] /UNCONNECTED16
53 EEG_ACC_U/EEG_PEAY_U/\EEG_PEA_DAT_GEN_U[1] /\WADD_FIFO_U[3] /UNCONNECTED17
54 EEG_ACC_U/EEG_PEAY_U/\EEG_PEA_DAT_GEN_U[0] /UNCONNECTED107
55 EEG_ACC_U/EEG_PEAY_U/\EEG_PEA_DAT_GEN_U[0] /UNCONNECTED108
56 EEG_ACC_U/EEG_PEAY_U/\EEG_PEA_DAT_GEN_U[0] /UNCONNECTED109
57 EEG_ACC_U/EEG_PEAY_U/\EEG_PEA_DAT_GEN_U[0] /FNCH_FIFO_U/UNCONNECTED47
58 EEG_ACC_U/EEG_PEAY_U/\EEG_PEA_DAT_GEN_U[0] /FNCH_FIFO_U/UNCONNECTED48
59 EEG_ACC_U/EEG_PEAY_U/\EEG_PEA_DAT_GEN_U[0] /FNCH_FIFO_U/UNCONNECTED49
60 EEG_ACC_U/EEG_PEAY_U/\EEG_PEA_DAT_GEN_U[0] /FNCH_FIFO_U/UNCONNECTED50
61 EEG_ACC_U/EEG_PEAY_U/\EEG_PEA_DAT_GEN_U[0] /FNCH_FIFO_U/UNCONNECTED51
62 EEG_ACC_U/EEG_PEAY_U/\EEG_PEA_DAT_GEN_U[0] /FNCH_FIFO_U/UNCONNECTED52
63 EEG_ACC_U/EEG_PEAY_U/\EEG_PEA_DAT_GEN_U[0] /FNCH_FIFO_U/UNCONNECTED53
64 EEG_ACC_U/EEG_PEAY_U/\EEG_PEA_DAT_GEN_U[0] /FNCH_FIFO_U/UNCONNECTED54
65 EEG_ACC_U/EEG_PEAY_U/\EEG_PEA_DAT_GEN_U[0] /FNCH_FIFO_U/UNCONNECTED55
66 EEG_ACC_U/EEG_PEAY_U/\EEG_PEA_DAT_GEN_U[0] /FNCH_FIFO_U/UNCONNECTED56
67 EEG_ACC_U/EEG_PEAY_U/\EEG_PEA_DAT_GEN_U[0] /FNCH_FIFO_U/UNCONNECTED57
68 EEG_ACC_U/EEG_PEAY_U/\EEG_PEA_DAT_GEN_U[0] /FNZF_FIFO_U/UNCONNECTED58
69 EEG_ACC_U/EEG_PEAY_U/\EEG_PEA_DAT_GEN_U[0] /FNZF_FIFO_U/UNCONNECTED59
70 EEG_ACC_U/EEG_PEAY_U/\EEG_PEA_DAT_GEN_U[0] /FNZF_FIFO_U/UNCONNECTED60
71 EEG_ACC_U/EEG_PEAY_U/\EEG_PEA_DAT_GEN_U[0] /FNZF_FIFO_U/UNCONNECTED61
72 EEG_ACC_U/EEG_PEAY_U/\EEG_PEA_DAT_GEN_U[0] /FNZF_FIFO_U/UNCONNECTED62
73 EEG_ACC_U/EEG_PEAY_U/\EEG_PEA_DAT_GEN_U[0] /FNZF_FIFO_U/UNCONNECTED63
74 EEG_ACC_U/EEG_PEAY_U/\EEG_PEA_DAT_GEN_U[0] /FNZF_FIFO_U/UNCONNECTED64
75 EEG_ACC_U/EEG_PEAY_U/\EEG_PEA_DAT_GEN_U[0] /FNZF_FIFO_U/UNCONNECTED65
76 EEG_ACC_U/EEG_PEAY_U/\EEG_PEA_DAT_GEN_U[0] /FNZF_FIFO_U/UNCONNECTED66
77 EEG_ACC_U/EEG_PEAY_U/\EEG_PEA_DAT_GEN_U[0] /FNZF_FIFO_U/UNCONNECTED67
78 EEG_ACC_U/EEG_PEAY_U/\EEG_PEA_DAT_GEN_U[0] /FNZF_FIFO_U/UNCONNECTED68
79 EEG_ACC_U/EEG_PEAY_U/\EEG_PEA_DAT_GEN_U[0] /FNZF_FIFO_U/UNCONNECTED69
80 EEG_ACC_U/EEG_PEAY_U/\EEG_PEA_DAT_GEN_U[0] /FNZF_FIFO_U/UNCONNECTED70
81 EEG_ACC_U/EEG_PEAY_U/\EEG_PEA_DAT_GEN_U[0] /FNZF_FIFO_U/UNCONNECTED71
82 EEG_ACC_U/EEG_PEAY_U/\EEG_PEA_DAT_GEN_U[0] /FNZF_FIFO_U/UNCONNECTED72
83 EEG_ACC_U/EEG_PEAY_U/\EEG_PEA_DAT_GEN_U[0] /FNZF_FIFO_U/UNCONNECTED73
84 EEG_ACC_U/EEG_PEAY_U/\EEG_PEA_DAT_GEN_U[0] /FWEI_FIFO_U/UNCONNECTED74
85 EEG_ACC_U/EEG_PEAY_U/\EEG_PEA_DAT_GEN_U[0] /FWEI_FIFO_U/UNCONNECTED75
86 EEG_ACC_U/EEG_PEAY_U/\EEG_PEA_DAT_GEN_U[0] /FWEI_FIFO_U/UNCONNECTED76
87 EEG_ACC_U/EEG_PEAY_U/\EEG_PEA_DAT_GEN_U[0] /FWEI_FIFO_U/UNCONNECTED77
88 EEG_ACC_U/EEG_PEAY_U/\EEG_PEA_DAT_GEN_U[0] /\WADD_FIFO_U[0] /UNCONNECTED78
89 EEG_ACC_U/EEG_PEAY_U/\EEG_PEA_DAT_GEN_U[0] /\WADD_FIFO_U[1] /UNCONNECTED79
90 EEG_ACC_U/EEG_PEAY_U/\EEG_PEA_DAT_GEN_U[0] /\WADD_FIFO_U[2] /UNCONNECTED80
91 EEG_ACC_U/EEG_PEAY_U/\EEG_PEA_DAT_GEN_U[2] /UNCONNECTED164
92 EEG_ACC_U/EEG_PEAY_U/\EEG_PEA_DAT_GEN_U[2] /UNCONNECTED165
93 EEG_ACC_U/EEG_PEAY_U/\EEG_PEA_DAT_GEN_U[2] /UNCONNECTED166
94 EEG_ACC_U/EEG_PEAY_U/\EEG_PEA_DAT_GEN_U[2] /UNCONNECTED167
95 EEG_ACC_U/EEG_PEAY_U/\EEG_PEA_DAT_GEN_U[2] /UNCONNECTED168
96 EEG_ACC_U/EEG_PEAY_U/\EEG_PEA_DAT_GEN_U[2] /UNCONNECTED169
97 EEG_ACC_U/EEG_PEAY_U/\EEG_PEA_DAT_GEN_U[2] /UNCONNECTED170
98 EEG_ACC_U/EEG_PEAY_U/\EEG_PEA_DAT_GEN_U[2] /FNZF_FIFO_U/UNCONNECTED110
99 EEG_ACC_U/EEG_PEAY_U/\EEG_PEA_DAT_GEN_U[2] /FNZF_FIFO_U/UNCONNECTED111
100 EEG_ACC_U/EEG_PEAY_U/\EEG_PEA_DAT_GEN_U[2] /FNZF_FIFO_U/UNCONNECTED112
101 EEG_ACC_U/EEG_PEAY_U/\EEG_PEA_DAT_GEN_U[2] /FNZF_FIFO_U/UNCONNECTED113
102 EEG_ACC_U/EEG_PEAY_U/\EEG_PEA_DAT_GEN_U[2] /FNZF_FIFO_U/UNCONNECTED114
103 EEG_ACC_U/EEG_PEAY_U/\EEG_PEA_DAT_GEN_U[2] /FNZF_FIFO_U/UNCONNECTED115
104 EEG_ACC_U/EEG_PEAY_U/\EEG_PEA_DAT_GEN_U[2] /FNZF_FIFO_U/UNCONNECTED116
105 EEG_ACC_U/EEG_PEAY_U/\EEG_PEA_DAT_GEN_U[2] /FNZF_FIFO_U/UNCONNECTED117
106 EEG_ACC_U/EEG_PEAY_U/\EEG_PEA_DAT_GEN_U[2] /FNZF_FIFO_U/UNCONNECTED118
107 EEG_ACC_U/EEG_PEAY_U/\EEG_PEA_DAT_GEN_U[2] /FNZF_FIFO_U/UNCONNECTED119
108 EEG_ACC_U/EEG_PEAY_U/\EEG_PEA_DAT_GEN_U[2] /FNZF_FIFO_U/UNCONNECTED120
109 EEG_ACC_U/EEG_PEAY_U/\EEG_PEA_DAT_GEN_U[2] /FNZF_FIFO_U/UNCONNECTED121
110 EEG_ACC_U/EEG_PEAY_U/\EEG_PEA_DAT_GEN_U[2] /FNZF_FIFO_U/UNCONNECTED122
111 EEG_ACC_U/EEG_PEAY_U/\EEG_PEA_DAT_GEN_U[2] /FNZF_FIFO_U/UNCONNECTED123
112 EEG_ACC_U/EEG_PEAY_U/\EEG_PEA_DAT_GEN_U[2] /FNZF_FIFO_U/UNCONNECTED124
113 EEG_ACC_U/EEG_PEAY_U/\EEG_PEA_DAT_GEN_U[2] /FNZF_FIFO_U/UNCONNECTED125
114 EEG_ACC_U/EEG_PEAY_U/\EEG_PEA_DAT_GEN_U[2] /FNZF_FIFO_U/UNCONNECTED126
115 EEG_ACC_U/EEG_PEAY_U/\EEG_PEA_DAT_GEN_U[2] /FNZF_FIFO_U/UNCONNECTED127
116 EEG_ACC_U/EEG_PEAY_U/\EEG_PEA_DAT_GEN_U[2] /FNZF_FIFO_U/UNCONNECTED128
117 EEG_ACC_U/EEG_PEAY_U/\EEG_PEA_DAT_GEN_U[2] /FNZF_FIFO_U/UNCONNECTED129
118 EEG_ACC_U/EEG_PEAY_U/\EEG_PEA_DAT_GEN_U[2] /FNZF_FIFO_U/UNCONNECTED130
119 EEG_ACC_U/EEG_PEAY_U/\EEG_PEA_DAT_GEN_U[2] /FNZF_FIFO_U/UNCONNECTED131
120 EEG_ACC_U/EEG_PEAY_U/\EEG_PEA_DAT_GEN_U[2] /FNZF_FIFO_U/UNCONNECTED132
121 EEG_ACC_U/EEG_PEAY_U/\EEG_PEA_DAT_GEN_U[2] /FNZF_FIFO_U/UNCONNECTED133
122 EEG_ACC_U/EEG_PEAY_U/\EEG_PEA_DAT_GEN_U[2] /FNZF_FIFO_U/UNCONNECTED134
123 EEG_ACC_U/EEG_PEAY_U/\EEG_PEA_DAT_GEN_U[2] /FNZF_FIFO_U/UNCONNECTED135
124 EEG_ACC_U/EEG_PEAY_U/\EEG_PEA_DAT_GEN_U[2] /FNZF_FIFO_U/UNCONNECTED136
125 EEG_ACC_U/EEG_PEAY_U/\EEG_PEA_DAT_GEN_U[2] /FNZF_FIFO_U/UNCONNECTED137
126 EEG_ACC_U/EEG_PEAY_U/\EEG_PEA_DAT_GEN_U[2] /FNZF_FIFO_U/UNCONNECTED138
127 EEG_ACC_U/EEG_PEAY_U/\EEG_PEA_DAT_GEN_U[2] /FWEI_FIFO_U/UNCONNECTED139
128 EEG_ACC_U/EEG_PEAY_U/\EEG_PEA_DAT_GEN_U[2] /FWEI_FIFO_U/UNCONNECTED140
129 EEG_ACC_U/EEG_PEAY_U/\EEG_PEA_DAT_GEN_U[2] /\WADD_FIFO_U[0] /UNCONNECTED141
130 EEG_ACC_U/EEG_PEAY_U/\EEG_PEA_DAT_GEN_U[2] /\WADD_FIFO_U[1] /UNCONNECTED142
131 EEG_ACC_U/EEG_PEAY_U/\EEG_PEA_DAT_GEN_U[3] /UNCONNECTED238
132 EEG_ACC_U/EEG_PEAY_U/\EEG_PEA_DAT_GEN_U[3] /UNCONNECTED239
133 EEG_ACC_U/EEG_PEAY_U/\EEG_PEA_DAT_GEN_U[3] /UNCONNECTED240
134 EEG_ACC_U/EEG_PEAY_U/\EEG_PEA_DAT_GEN_U[3] /UNCONNECTED241
135 EEG_ACC_U/EEG_PEAY_U/\EEG_PEA_DAT_GEN_U[3] /UNCONNECTED242
136 EEG_ACC_U/EEG_PEAY_U/\EEG_PEA_DAT_GEN_U[3] /FNCH_FIFO_U/UNCONNECTED171
137 EEG_ACC_U/EEG_PEAY_U/\EEG_PEA_DAT_GEN_U[3] /FNCH_FIFO_U/UNCONNECTED172
138 EEG_ACC_U/EEG_PEAY_U/\EEG_PEA_DAT_GEN_U[3] /FNCH_FIFO_U/UNCONNECTED173
139 EEG_ACC_U/EEG_PEAY_U/\EEG_PEA_DAT_GEN_U[3] /FNCH_FIFO_U/UNCONNECTED174
140 EEG_ACC_U/EEG_PEAY_U/\EEG_PEA_DAT_GEN_U[3] /FNCH_FIFO_U/UNCONNECTED175
141 EEG_ACC_U/EEG_PEAY_U/\EEG_PEA_DAT_GEN_U[3] /FNCH_FIFO_U/UNCONNECTED176
142 EEG_ACC_U/EEG_PEAY_U/\EEG_PEA_DAT_GEN_U[3] /FNCH_FIFO_U/UNCONNECTED177
143 EEG_ACC_U/EEG_PEAY_U/\EEG_PEA_DAT_GEN_U[3] /FNCH_FIFO_U/UNCONNECTED178
144 EEG_ACC_U/EEG_PEAY_U/\EEG_PEA_DAT_GEN_U[3] /FNCH_FIFO_U/UNCONNECTED179
145 EEG_ACC_U/EEG_PEAY_U/\EEG_PEA_DAT_GEN_U[3] /FNCH_FIFO_U/UNCONNECTED180
146 EEG_ACC_U/EEG_PEAY_U/\EEG_PEA_DAT_GEN_U[3] /FNCH_FIFO_U/UNCONNECTED181
147 EEG_ACC_U/EEG_PEAY_U/\EEG_PEA_DAT_GEN_U[3] /FNCH_FIFO_U/UNCONNECTED182
148 EEG_ACC_U/EEG_PEAY_U/\EEG_PEA_DAT_GEN_U[3] /FNCH_FIFO_U/UNCONNECTED183
149 EEG_ACC_U/EEG_PEAY_U/\EEG_PEA_DAT_GEN_U[3] /FNZF_FIFO_U/UNCONNECTED184
150 EEG_ACC_U/EEG_PEAY_U/\EEG_PEA_DAT_GEN_U[3] /FNZF_FIFO_U/UNCONNECTED185
151 EEG_ACC_U/EEG_PEAY_U/\EEG_PEA_DAT_GEN_U[3] /FNZF_FIFO_U/UNCONNECTED186
152 EEG_ACC_U/EEG_PEAY_U/\EEG_PEA_DAT_GEN_U[3] /FNZF_FIFO_U/UNCONNECTED187
153 EEG_ACC_U/EEG_PEAY_U/\EEG_PEA_DAT_GEN_U[3] /FNZF_FIFO_U/UNCONNECTED188
154 EEG_ACC_U/EEG_PEAY_U/\EEG_PEA_DAT_GEN_U[3] /FNZF_FIFO_U/UNCONNECTED189
155 EEG_ACC_U/EEG_PEAY_U/\EEG_PEA_DAT_GEN_U[3] /FNZF_FIFO_U/UNCONNECTED190
156 EEG_ACC_U/EEG_PEAY_U/\EEG_PEA_DAT_GEN_U[3] /FNZF_FIFO_U/UNCONNECTED191
157 EEG_ACC_U/EEG_PEAY_U/\EEG_PEA_DAT_GEN_U[3] /FNZF_FIFO_U/UNCONNECTED192
158 EEG_ACC_U/EEG_PEAY_U/\EEG_PEA_DAT_GEN_U[3] /FNZF_FIFO_U/UNCONNECTED193
159 EEG_ACC_U/EEG_PEAY_U/\EEG_PEA_DAT_GEN_U[3] /FNZF_FIFO_U/UNCONNECTED194
160 EEG_ACC_U/EEG_PEAY_U/\EEG_PEA_DAT_GEN_U[3] /FNZF_FIFO_U/UNCONNECTED195
161 EEG_ACC_U/EEG_PEAY_U/\EEG_PEA_DAT_GEN_U[3] /FNZF_FIFO_U/UNCONNECTED196
162 EEG_ACC_U/EEG_PEAY_U/\EEG_PEA_DAT_GEN_U[3] /FNZF_FIFO_U/UNCONNECTED197
163 EEG_ACC_U/EEG_PEAY_U/\EEG_PEA_DAT_GEN_U[3] /FNZF_FIFO_U/UNCONNECTED198
164 EEG_ACC_U/EEG_PEAY_U/\EEG_PEA_DAT_GEN_U[3] /FNZF_FIFO_U/UNCONNECTED199
165 EEG_ACC_U/EEG_PEAY_U/\EEG_PEA_DAT_GEN_U[3] /FNZF_FIFO_U/UNCONNECTED200
166 EEG_ACC_U/EEG_PEAY_U/\EEG_PEA_DAT_GEN_U[3] /FNZF_FIFO_U/UNCONNECTED201
167 EEG_ACC_U/EEG_PEAY_U/\EEG_PEA_DAT_GEN_U[3] /FNZF_FIFO_U/UNCONNECTED202
168 EEG_ACC_U/EEG_PEAY_U/\EEG_PEA_DAT_GEN_U[3] /FNZF_FIFO_U/UNCONNECTED203
169 EEG_ACC_U/EEG_PEAY_U/\EEG_PEA_DAT_GEN_U[3] /FNZF_FIFO_U/UNCONNECTED204
170 EEG_ACC_U/EEG_PEAY_U/\EEG_PEA_DAT_GEN_U[3] /FNZF_FIFO_U/UNCONNECTED205
171 EEG_ACC_U/EEG_PEAY_U/\EEG_PEA_DAT_GEN_U[3] /FNZF_FIFO_U/UNCONNECTED206
172 EEG_ACC_U/EEG_PEAY_U/\EEG_PEA_DAT_GEN_U[3] /FNZF_FIFO_U/UNCONNECTED207
173 EEG_ACC_U/EEG_PEAY_U/\EEG_PEA_DAT_GEN_U[3] /FNZF_FIFO_U/UNCONNECTED208
174 EEG_ACC_U/EEG_PEAY_U/\EEG_PEA_DAT_GEN_U[3] /FNZF_FIFO_U/UNCONNECTED209
175 EEG_ACC_U/EEG_PEAY_U/\EEG_PEA_DAT_GEN_U[3] /FNZF_FIFO_U/UNCONNECTED210
176 EEG_ACC_U/EEG_PEAY_U/\EEG_PEA_DAT_GEN_U[3] /FNZF_FIFO_U/UNCONNECTED211
177 EEG_ACC_U/EEG_PEAY_U/\EEG_PEA_DAT_GEN_U[3] /FNZF_FIFO_U/UNCONNECTED212
178 EEG_ACC_U/EEG_PEAY_U/\EEG_PEA_DAT_GEN_U[3] /FNZF_FIFO_U/UNCONNECTED213
179 EEG_ACC_U/EEG_PEAY_U/EEG_PEA_ENG_U/\EEG_PEA_ENG_PE_U[0] /UNCONNECTED245
180 EEG_ACC_U/EEG_PEAY_U/EEG_PEA_ENG_U/\EEG_PEA_ENG_PE_U[0] /UNCONNECTED246
181 EEG_ACC_U/EEG_PEAY_U/EEG_PEA_ENG_U/\EEG_PEA_ENG_PE_U[1] /UNCONNECTED249
182 EEG_ACC_U/EEG_PEAY_U/EEG_PEA_ENG_U/\EEG_PEA_ENG_PE_U[1] /UNCONNECTED250
183 EEG_ACC_U/EEG_PEAY_U/EEG_PEA_ENG_U/\EEG_PEA_ENG_PE_U[3] /UNCONNECTED255
184 EEG_ACC_U/EEG_PEAY_U/EEG_PEA_ENG_U/\EEG_PEA_ENG_PE_U[4] /UNCONNECTED258
185 EEG_ACC_U/EEG_PEAY_U/EEG_PEA_ENG_U/\EEG_PEA_ENG_PE_U[4] /UNCONNECTED259
186 EEG_ACC_U/EEG_PEAY_U/EEG_PEA_ENG_U/\EEG_PEA_ENG_PE_U[5] /UNCONNECTED262
187 EEG_ACC_U/EEG_PEAY_U/EEG_PEA_ENG_U/\EEG_PEA_ENG_PE_U[5] /UNCONNECTED263
188 EEG_ACC_U/EEG_PEAY_U/EEG_PEA_ENG_U/\EEG_PEA_ENG_PE_U[7] /UNCONNECTED268
189 EEG_ACC_U/EEG_PEAY_U/EEG_PEA_ENG_U/\EEG_PEA_ENG_PE_U[8] /UNCONNECTED271
190 EEG_ACC_U/EEG_PEAY_U/EEG_PEA_ENG_U/\EEG_PEA_ENG_PE_U[8] /UNCONNECTED272
191 EEG_ACC_U/EEG_PEAY_U/EEG_PEA_ENG_U/\EEG_PEA_ENG_PE_U[9] /UNCONNECTED275
192 EEG_ACC_U/EEG_PEAY_U/EEG_PEA_ENG_U/\EEG_PEA_ENG_PE_U[9] /UNCONNECTED276
193 EEG_ACC_U/EEG_PEAY_U/EEG_PEA_ENG_U/\EEG_PEA_ENG_PE_U[10] /UNCONNECTED279
194 EEG_ACC_U/EEG_PEAY_U/EEG_PEA_ENG_U/\EEG_PEA_ENG_PE_U[10] /UNCONNECTED280
195 EEG_ACC_U/EEG_PEAY_U/EEG_PEA_ENG_U/\EEG_PEA_ENG_PE_U[11] /UNCONNECTED283
196 EEG_ACC_U/EEG_PEAY_U/EEG_PEA_ENG_U/\EEG_PEA_ENG_PE_U[11] /UNCONNECTED284
197 EEG_ACC_U/EEG_PEAY_U/EEG_PEA_ENG_U/\EEG_PEA_ENG_PE_U[12] /UNCONNECTED287
198 EEG_ACC_U/EEG_PEAY_U/EEG_PEA_ENG_U/\EEG_PEA_ENG_PE_U[12] /UNCONNECTED288
199 EEG_ACC_U/EEG_PEAY_U/EEG_PEA_ENG_U/\EEG_PEA_ENG_PE_U[13] /UNCONNECTED291
200 EEG_ACC_U/EEG_PEAY_U/EEG_PEA_ENG_U/\EEG_PEA_ENG_PE_U[13] /UNCONNECTED292
201 EEG_ACC_U/EEG_PEAY_U/EEG_PEA_ENG_U/\EEG_PEA_ENG_PE_U[14] /UNCONNECTED295
202 EEG_ACC_U/EEG_PEAY_U/EEG_PEA_ENG_U/\EEG_PEA_ENG_PE_U[14] /UNCONNECTED296
203 EEG_ACC_U/EEG_RAM_MOVER_U/UNCONNECTED1604
204 EEG_ACC_U/EEG_RAM_MOVER_U/UNCONNECTED1605
205 EEG_ACC_U/EEG_RAM_MOVER_U/UNCONNECTED1606
206 EEG_ACC_U/EEG_RAM_MOVER_U/UNCONNECTED1607
207 EEG_ACC_U/EEG_RAM_MOVER_U/UNCONNECTED1608
208 EEG_ACC_U/EEG_RAM_MOVER_U/UNCONNECTED1609
209 EEG_ACC_U/EEG_RAM_MOVER_U/UNCONNECTED1610
210 EEG_ACC_U/EEG_RAM_MOVER_U/UNCONNECTED1611
211 EEG_ACC_U/EEG_RAM_MOVER_U/UNCONNECTED1612
212 EEG_ACC_U/EEG_RAM_MOVER_U/UNCONNECTED1613
213 EEG_ACC_U/EEG_RAM_MOVER_U/UNCONNECTED1614
214 EEG_ACC_U/EEG_RAM_MOVER_U/\MOVE_FIFO_U[0] /UNCONNECTED443
215 EEG_ACC_U/EEG_RAM_MOVER_U/\MOVE_FIFO_U[0] /UNCONNECTED444
216 EEG_ACC_U/EEG_RAM_MOVER_U/\MOVE_FIFO_U[0] /UNCONNECTED445
217 EEG_ACC_U/EEG_RAM_MOVER_U/\MOVE_FIFO_U[0] /UNCONNECTED446
218 EEG_ACC_U/EEG_RAM_MOVER_U/\MOVE_FIFO_U[0] /UNCONNECTED447
219 EEG_ACC_U/EEG_RAM_MOVER_U/\MOVE_FIFO_U[0] /UNCONNECTED448
220 EEG_ACC_U/EEG_RAM_MOVER_U/\MOVE_FIFO_U[0] /UNCONNECTED449
221 EEG_ACC_U/EEG_RAM_MOVER_U/\MOVE_FIFO_U[0] /UNCONNECTED450
222 EEG_ACC_U/EEG_RAM_MOVER_U/\MOVE_FIFO_U[0] /UNCONNECTED451
223 EEG_ACC_U/EEG_RAM_MOVER_U/\MOVE_FIFO_U[0] /UNCONNECTED452
224 EEG_ACC_U/EEG_RAM_MOVER_U/\MOVE_FIFO_U[0] /UNCONNECTED453
225 EEG_ACC_U/EEG_RAM_MOVER_U/\MOVE_FIFO_U[0] /UNCONNECTED454
226 EEG_ACC_U/EEG_RAM_MOVER_U/\MOVE_FIFO_U[0] /UNCONNECTED455
227 EEG_ACC_U/EEG_RAM_MOVER_U/\MOVE_FIFO_U[0] /UNCONNECTED456
228 EEG_ACC_U/EEG_RAM_MOVER_U/\MOVE_FIFO_U[0] /UNCONNECTED457
229 EEG_ACC_U/EEG_RAM_MOVER_U/\MOVE_FIFO_U[0] /UNCONNECTED458
230 EEG_ACC_U/EEG_RAM_MOVER_U/\MOVE_FIFO_U[0] /UNCONNECTED459
231 EEG_ACC_U/EEG_RAM_MOVER_U/\MOVE_FIFO_U[0] /UNCONNECTED460
232 EEG_ACC_U/EEG_RAM_MOVER_U/\MOVE_FIFO_U[0] /UNCONNECTED461
233 EEG_ACC_U/EEG_RAM_MOVER_U/\MOVE_FIFO_U[0] /UNCONNECTED462
234 EEG_ACC_U/EEG_RAM_MOVER_U/\MOVE_FIFO_U[0] /UNCONNECTED463
235 EEG_ACC_U/EEG_RAM_MOVER_U/\MOVE_FIFO_U[0] /UNCONNECTED464
236 EEG_ACC_U/EEG_RAM_MOVER_U/\MOVE_FIFO_U[0] /UNCONNECTED465
237 EEG_ACC_U/EEG_RAM_MOVER_U/\MOVE_FIFO_U[0] /UNCONNECTED466
238 EEG_ACC_U/EEG_RAM_MOVER_U/\MOVE_FIFO_U[0] /UNCONNECTED467
239 EEG_ACC_U/EEG_RAM_MOVER_U/\MOVE_FIFO_U[0] /UNCONNECTED468
240 EEG_ACC_U/EEG_RAM_MOVER_U/\MOVE_FIFO_U[0] /UNCONNECTED469
241 EEG_ACC_U/EEG_RAM_MOVER_U/\MOVE_FIFO_U[0] /UNCONNECTED470
242 EEG_ACC_U/EEG_RAM_MOVER_U/\MOVE_FIFO_U[0] /UNCONNECTED471
243 EEG_ACC_U/EEG_RAM_MOVER_U/\MOVE_FIFO_U[0] /UNCONNECTED472
244 EEG_ACC_U/EEG_RAM_MOVER_U/\MOVE_FIFO_U[0] /UNCONNECTED473
245 EEG_ACC_U/EEG_RAM_MOVER_U/\MOVE_FIFO_U[1] /UNCONNECTED474
246 EEG_ACC_U/EEG_RAM_MOVER_U/\MOVE_FIFO_U[1] /UNCONNECTED475
247 EEG_ACC_U/EEG_RAM_MOVER_U/\MOVE_FIFO_U[1] /UNCONNECTED476
248 EEG_ACC_U/EEG_RAM_MOVER_U/\MOVE_FIFO_U[1] /UNCONNECTED477
249 EEG_ACC_U/EEG_RAM_MOVER_U/\MOVE_FIFO_U[1] /UNCONNECTED478
250 EEG_ACC_U/EEG_RAM_MOVER_U/\MOVE_FIFO_U[1] /UNCONNECTED479
251 EEG_ACC_U/EEG_RAM_MOVER_U/\MOVE_FIFO_U[1] /UNCONNECTED480
252 EEG_ACC_U/EEG_RAM_MOVER_U/\MOVE_FIFO_U[1] /UNCONNECTED481
253 EEG_ACC_U/EEG_RAM_MOVER_U/\MOVE_FIFO_U[1] /UNCONNECTED482
254 EEG_ACC_U/EEG_RAM_MOVER_U/\MOVE_FIFO_U[1] /UNCONNECTED483
255 EEG_ACC_U/EEG_RAM_MOVER_U/\MOVE_FIFO_U[1] /UNCONNECTED484
256 EEG_ACC_U/EEG_RAM_MOVER_U/\MOVE_FIFO_U[1] /UNCONNECTED485
257 EEG_ACC_U/EEG_RAM_MOVER_U/\MOVE_FIFO_U[1] /UNCONNECTED486
258 EEG_ACC_U/EEG_RAM_MOVER_U/\MOVE_FIFO_U[1] /UNCONNECTED487
259 EEG_ACC_U/EEG_RAM_MOVER_U/\MOVE_FIFO_U[1] /UNCONNECTED488
260 EEG_ACC_U/EEG_RAM_MOVER_U/\MOVE_FIFO_U[1] /UNCONNECTED489
261 EEG_ACC_U/EEG_RAM_MOVER_U/\MOVE_FIFO_U[1] /UNCONNECTED490
262 EEG_ACC_U/EEG_RAM_MOVER_U/\MOVE_FIFO_U[1] /UNCONNECTED491
263 EEG_ACC_U/EEG_RAM_MOVER_U/\MOVE_FIFO_U[1] /UNCONNECTED492
264 EEG_ACC_U/EEG_RAM_MOVER_U/\MOVE_FIFO_U[1] /UNCONNECTED493
265 EEG_ACC_U/EEG_RAM_MOVER_U/\MOVE_FIFO_U[1] /UNCONNECTED494
266 EEG_ACC_U/EEG_RAM_MOVER_U/\MOVE_FIFO_U[1] /UNCONNECTED495
267 EEG_ACC_U/EEG_RAM_MOVER_U/\MOVE_FIFO_U[1] /UNCONNECTED496
268 EEG_ACC_U/EEG_RAM_MOVER_U/\MOVE_FIFO_U[1] /UNCONNECTED497
269 EEG_ACC_U/EEG_RAM_MOVER_U/\MOVE_FIFO_U[1] /UNCONNECTED498
270 EEG_ACC_U/EEG_RAM_MOVER_U/\MOVE_FIFO_U[1] /UNCONNECTED499
271 EEG_ACC_U/EEG_RAM_MOVER_U/\MOVE_FIFO_U[1] /UNCONNECTED500
272 EEG_ACC_U/EEG_RAM_MOVER_U/\MOVE_FIFO_U[1] /UNCONNECTED501
273 EEG_ACC_U/EEG_RAM_MOVER_U/\MOVE_FIFO_U[1] /UNCONNECTED502
274 EEG_ACC_U/EEG_RAM_MOVER_U/\MOVE_FIFO_U[1] /UNCONNECTED503
275 EEG_ACC_U/EEG_RAM_MOVER_U/\MOVE_FIFO_U[1] /UNCONNECTED504
276 EEG_ACC_U/EEG_RAM_MOVER_U/\MOVE_FIFO_U[2] /UNCONNECTED505
277 EEG_ACC_U/EEG_RAM_MOVER_U/\MOVE_FIFO_U[2] /UNCONNECTED506
278 EEG_ACC_U/EEG_RAM_MOVER_U/\MOVE_FIFO_U[2] /UNCONNECTED507
279 EEG_ACC_U/EEG_RAM_MOVER_U/\MOVE_FIFO_U[2] /UNCONNECTED508
280 EEG_ACC_U/EEG_RAM_MOVER_U/\MOVE_FIFO_U[2] /UNCONNECTED509
281 EEG_ACC_U/EEG_RAM_MOVER_U/\MOVE_FIFO_U[2] /UNCONNECTED510
282 EEG_ACC_U/EEG_RAM_MOVER_U/\MOVE_FIFO_U[2] /UNCONNECTED511
283 EEG_ACC_U/EEG_RAM_MOVER_U/\MOVE_FIFO_U[2] /UNCONNECTED512
284 EEG_ACC_U/EEG_RAM_MOVER_U/\MOVE_FIFO_U[2] /UNCONNECTED513
285 EEG_ACC_U/EEG_RAM_MOVER_U/\MOVE_FIFO_U[2] /UNCONNECTED514
286 EEG_ACC_U/EEG_RAM_MOVER_U/\MOVE_FIFO_U[2] /UNCONNECTED515
287 EEG_ACC_U/EEG_RAM_MOVER_U/\MOVE_FIFO_U[2] /UNCONNECTED516
288 EEG_ACC_U/EEG_RAM_MOVER_U/\MOVE_FIFO_U[2] /UNCONNECTED517
289 EEG_ACC_U/EEG_RAM_MOVER_U/\MOVE_FIFO_U[2] /UNCONNECTED518
290 EEG_ACC_U/EEG_RAM_MOVER_U/\MOVE_FIFO_U[2] /UNCONNECTED519
291 EEG_ACC_U/EEG_RAM_MOVER_U/\MOVE_FIFO_U[2] /UNCONNECTED520
292 EEG_ACC_U/EEG_RAM_MOVER_U/\MOVE_FIFO_U[2] /UNCONNECTED521
293 EEG_ACC_U/EEG_RAM_MOVER_U/\MOVE_FIFO_U[2] /UNCONNECTED522
294 EEG_ACC_U/EEG_RAM_MOVER_U/\MOVE_FIFO_U[2] /UNCONNECTED523
295 EEG_ACC_U/EEG_RAM_MOVER_U/\MOVE_FIFO_U[2] /UNCONNECTED524
296 EEG_ACC_U/EEG_RAM_MOVER_U/\MOVE_FIFO_U[2] /UNCONNECTED525
297 EEG_ACC_U/EEG_RAM_MOVER_U/\MOVE_FIFO_U[2] /UNCONNECTED526
298 EEG_ACC_U/EEG_RAM_MOVER_U/\MOVE_FIFO_U[2] /UNCONNECTED527
299 EEG_ACC_U/EEG_RAM_MOVER_U/\MOVE_FIFO_U[2] /UNCONNECTED528
300 EEG_ACC_U/EEG_RAM_MOVER_U/\MOVE_FIFO_U[2] /UNCONNECTED529
301 EEG_ACC_U/EEG_RAM_MOVER_U/\MOVE_FIFO_U[2] /UNCONNECTED530
302 EEG_ACC_U/EEG_RAM_MOVER_U/\MOVE_FIFO_U[2] /UNCONNECTED531
303 EEG_ACC_U/EEG_RAM_MOVER_U/\MOVE_FIFO_U[2] /UNCONNECTED532
304 EEG_ACC_U/EEG_RAM_MOVER_U/\MOVE_FIFO_U[2] /UNCONNECTED533
305 EEG_ACC_U/EEG_RAM_MOVER_U/\MOVE_FIFO_U[2] /UNCONNECTED534
306 EEG_ACC_U/EEG_RAM_MOVER_U/\MOVE_FIFO_U[2] /UNCONNECTED535
307 EEG_ACC_U/EEG_RAM_MOVER_U/\MOVE_FIFO_U[3] /UNCONNECTED536
308 EEG_ACC_U/EEG_RAM_MOVER_U/\MOVE_FIFO_U[3] /UNCONNECTED537
309 EEG_ACC_U/EEG_RAM_MOVER_U/\MOVE_FIFO_U[3] /UNCONNECTED538
310 EEG_ACC_U/EEG_RAM_MOVER_U/\MOVE_FIFO_U[3] /UNCONNECTED539
311 EEG_ACC_U/EEG_RAM_MOVER_U/\MOVE_FIFO_U[3] /UNCONNECTED540
312 EEG_ACC_U/EEG_RAM_MOVER_U/\MOVE_FIFO_U[3] /UNCONNECTED541
313 EEG_ACC_U/EEG_RAM_MOVER_U/\MOVE_FIFO_U[3] /UNCONNECTED542
314 EEG_ACC_U/EEG_RAM_MOVER_U/\MOVE_FIFO_U[3] /UNCONNECTED543
315 EEG_ACC_U/EEG_RAM_MOVER_U/\MOVE_FIFO_U[3] /UNCONNECTED544
316 EEG_ACC_U/EEG_RAM_MOVER_U/\MOVE_FIFO_U[3] /UNCONNECTED545
317 EEG_ACC_U/EEG_RAM_MOVER_U/\MOVE_FIFO_U[3] /UNCONNECTED546
318 EEG_ACC_U/EEG_RAM_MOVER_U/\MOVE_FIFO_U[3] /UNCONNECTED547
319 EEG_ACC_U/EEG_RAM_MOVER_U/\MOVE_FIFO_U[3] /UNCONNECTED548
320 EEG_ACC_U/EEG_RAM_MOVER_U/\MOVE_FIFO_U[3] /UNCONNECTED549
321 EEG_ACC_U/EEG_RAM_MOVER_U/\MOVE_FIFO_U[3] /UNCONNECTED550
322 EEG_ACC_U/EEG_RAM_MOVER_U/\MOVE_FIFO_U[3] /UNCONNECTED551
323 EEG_ACC_U/EEG_RAM_MOVER_U/\MOVE_FIFO_U[3] /UNCONNECTED552
324 EEG_ACC_U/EEG_RAM_MOVER_U/\MOVE_FIFO_U[3] /UNCONNECTED553
325 EEG_ACC_U/EEG_RAM_MOVER_U/\MOVE_FIFO_U[3] /UNCONNECTED554
326 EEG_ACC_U/EEG_RAM_MOVER_U/\MOVE_FIFO_U[3] /UNCONNECTED555
327 EEG_ACC_U/EEG_RAM_MOVER_U/\MOVE_FIFO_U[3] /UNCONNECTED556
328 EEG_ACC_U/EEG_RAM_MOVER_U/\MOVE_FIFO_U[3] /UNCONNECTED557
329 EEG_ACC_U/EEG_RAM_MOVER_U/\MOVE_FIFO_U[3] /UNCONNECTED558
330 EEG_ACC_U/EEG_RAM_MOVER_U/\MOVE_FIFO_U[3] /UNCONNECTED559
331 EEG_ACC_U/EEG_RAM_MOVER_U/\MOVE_FIFO_U[3] /UNCONNECTED560
332 EEG_ACC_U/EEG_RAM_MOVER_U/\MOVE_FIFO_U[3] /UNCONNECTED561
333 EEG_ACC_U/EEG_RAM_MOVER_U/\MOVE_FIFO_U[3] /UNCONNECTED562
334 EEG_ACC_U/EEG_RAM_MOVER_U/\MOVE_FIFO_U[3] /UNCONNECTED563
335 EEG_ACC_U/EEG_RAM_MOVER_U/\MOVE_FIFO_U[3] /UNCONNECTED564
336 EEG_ACC_U/EEG_RAM_MOVER_U/\MOVE_FIFO_U[3] /UNCONNECTED565
337 EEG_ACC_U/EEG_RAM_MOVER_U/\MOVE_FIFO_U[3] /UNCONNECTED566
338 EEG_ACC_U/\EEG_WRAM_WBUF_U[3] /UNCONNECTED1631
339 EEG_ACC_U/\EEG_WRAM_WBUF_U[3] /UNCONNECTED1632
340 EEG_ACC_U/EEG_ORAM_U/actf_lst_done[1]
341 EEG_ACC_U/EEG_ORAM_U/actf_lst_done[0]
342 EEG_ACC_U/EEG_ORAM_U/UNCONNECTED1713
343 EEG_ACC_U/EEG_ORAM_U/UNCONNECTED1714
344 EEG_ACC_U/\EEG_WRAM_WBUF_U[1] /UNCONNECTED1739
345 EEG_ACC_U/\EEG_WRAM_WBUF_U[1] /UNCONNECTED1740
346 EEG_ACC_U/\EEG_WRAM_WBUF_U[1] /UNCONNECTED1741
347 EEG_ACC_U/\EEG_WRAM_WBUF_U[1] /UNCONNECTED1742
348 EEG_ACC_U/\EEG_WRAM_WBUF_U[1] /UNCONNECTED1743
349 EEG_ACC_U/\EEG_WRAM_WBUF_U[1] /UNCONNECTED1744
350 EEG_ACC_U/\EEG_WRAM_WBUF_U[1] /UNCONNECTED1745
351 EEG_ACC_U/\EEG_WRAM_WBUF_U[2] /UNCONNECTED1758
352 EEG_ACC_U/\EEG_WRAM_WBUF_U[2] /UNCONNECTED1759
353 EEG_ACC_U/\EEG_WRAM_WBUF_U[2] /UNCONNECTED1760
